[html.merku.love/promotors/home9_wash_service.html]
[backblue.gif]
[fade.gif]
[index.html]
[html.merku.love/promotors/assets/images/site_logo/favourite_icon.svg]
[html.merku.love/promotors/assets/css/bootstrap.min.css]
[html.merku.love/promotors/assets/css/animate.css]
[html.merku.love/promotors/assets/css/fontawesome.css]
[html.merku.love/promotors/assets/css/cursor.css]
[html.merku.love/promotors/assets/css/slick.css]
[html.merku.love/promotors/assets/css/slick-theme.css]
[html.merku.love/promotors/assets/css/magnific-popup.css]
[html.merku.love/promotors/assets/css/vanilla-calendar.min.css]
[html.merku.love/promotors/assets/css/odometer.css]
[html.merku.love/promotors/assets/css/jquery-ui.css]
[html.merku.love/promotors/assets/css/style.css]
[html.merku.love/promotors/index.html]
[html.merku.love/promotors/assets/images/site_logo/dark_theme_site_logo.svg]
[html.merku.love/promotors/assets/images/site_logo/light_theme_site_logo.svg]
[html.merku.love/promotors/home1_repair_service.html]
[html.merku.love/promotors/home2_online_service.html]
[html.merku.love/promotors/home3_tyres.html]
[html.merku.love/promotors/home4_auto_shop.html]
[html.merku.love/promotors/home5_hire_expert.html]
[html.merku.love/promotors/home6_rims_wheels.html]
[html.merku.love/promotors/home7_master_service.html]
[html.merku.love/promotors/home8_service_booking.html]
[html.merku.love/promotors/home10_paint_service.html]
[html.merku.love/promotors/service.html]
[html.merku.love/promotors/service_2.html]
[html.merku.love/promotors/service_details.html]
[html.merku.love/promotors/service_details_2.html]
[html.merku.love/promotors/shop.html]
[html.merku.love/promotors/shop_details.html]
[html.merku.love/promotors/deals.html]
[html.merku.love/promotors/deals_details.html]
[html.merku.love/promotors/cart.html]
[html.merku.love/promotors/about.html]
[html.merku.love/promotors/portfolio.html]
[html.merku.love/promotors/team.html]
[html.merku.love/promotors/pricing.html]
[html.merku.love/promotors/blog.html]
[html.merku.love/promotors/blog_2.html]
[html.merku.love/promotors/blog_details.html]
[html.merku.love/promotors/blog_details_2.html]
[html.merku.love/promotors/faq.html]
[html.merku.love/promotors/error.html]
[html.merku.love/promotors/contact.html]
[html.merku.love/promotors/assets/images/hero/hero_image_4.jpg]
[html.merku.love/promotors/assets/images/icons/icon_coins.svg]
[html.merku.love/promotors/assets/images/icons/icon_gallon.svg]
[html.merku.love/promotors/assets/images/icons/icon_calendar.svg]
[html.merku.love/promotors/assets/images/about/about_image_7.jpg]
[html.merku.love/promotors/assets/images/icons/icon_line.svg]
[html.merku.love/promotors/assets/images/video/video_poster_8.jpg]
[html.merku.love/promotors/assets/images/about/about_image_8.jpg]
[html.merku.love/promotors/assets/images/portfolio/portfolio_img_5.jpg]
[html.merku.love/promotors/assets/images/portfolio/portfolio_img_6.jpg]
[html.merku.love/promotors/assets/images/portfolio/portfolio_img_7.jpg]
[html.merku.love/promotors/assets/images/portfolio/portfolio_img_8.jpg]
[html.merku.love/promotors/assets/images/video/video_poster_9.jpg]
[html.merku.love/promotors/assets/images/icons/icon_square.svg]
[html.merku.love/promotors/assets/js/jquery.min.js]
[html.merku.love/promotors/assets/js/popper.min.js]
[html.merku.love/promotors/assets/js/bootstrap.min.js]
[html.merku.love/promotors/assets/js/bootstrap-dropdown-ml-hack.js]
[html.merku.love/promotors/assets/js/wow.min.js]
[html.merku.love/promotors/assets/js/cursor.js]
[html.merku.love/promotors/assets/js/tilt.min.js]
[html.merku.love/promotors/assets/js/parallaxie.js]
[html.merku.love/promotors/assets/js/parallax-scroll.js]
[html.merku.love/promotors/assets/js/splitting.min.js]
[html.merku.love/promotors/assets/js/slick.min.js]
[html.merku.love/promotors/assets/js/magnific-popup.min.js]
[html.merku.love/promotors/assets/js/appear.js]
[html.merku.love/promotors/assets/js/odometer.min.js]
[html.merku.love/promotors/assets/js/countdown.js]
[html.merku.love/promotors/assets/js/vanilla-calendar.min.js]
[html.merku.love/promotors/assets/js/imagebeforeafter.js]
[html.merku.love/promotors/assets/js/dark-light.js]
[html.merku.love/promotors/home9_wash_service.html]
[html.merku.love/promotors/assets/images/site_logo/favourite_icon.svg]
[html.merku.love/promotors/assets/css/bootstrap.min.css]
[html.merku.love/promotors/assets/js/main.js]
[html.merku.love/promotors/assets/js/jquery-ui.js]
[html.merku.love/promotors/assets/fonts/fa-brands-400.ttf]
[html.merku.love/promotors/assets/fonts/fa-duotone-900.ttf]
[html.merku.love/promotors/assets/fonts/fa-regular-400.ttf]
[html.merku.love/promotors/assets/fonts/fa-solid-900.ttf]
[html.merku.love/promotors/assets/fonts/fa-light-300.ttf]
[html.merku.love/promotors/assets/css/fontawesome.css]
[html.merku.love/promotors/assets/css/animate.css]
[html.merku.love/promotors/assets/css/cursor.css]
[html.merku.love/promotors/assets/css/slick.css]
[html.merku.love/promotors/assets/fonts/fa-v4compatibility.ttf]
[html.merku.love/promotors/assets/fonts/slick.eot]
[html.merku.love/promotors/assets/fonts/slickd41d.eot]
[html.merku.love/promotors/assets/fonts/slick.woff]
[html.merku.love/promotors/assets/fonts/slick.ttf]
[html.merku.love/promotors/assets/fonts/fa-thin-100.ttf]
[html.merku.love/promotors/assets/css/slick-theme.css]
[html.merku.love/promotors/assets/css/magnific-popup.css]
[html.merku.love/promotors/assets/css/vanilla-calendar.min.css]
[html.merku.love/promotors/assets/css/odometer.css]
[html.merku.love/promotors/assets/fonts/slick.svg]
[html.merku.love/promotors/assets/css/images/ui-bg_flat_0_aaaaaa_40x100.png]
[html.merku.love/promotors/assets/css/jquery-ui.css]
[html.merku.love/promotors/assets/images/shapes/shape_polygon_outline.svg]
[html.merku.love/promotors/assets/css/style.css]
[html.merku.love/promotors/assets/images/shapes/shape_polygon_fill.svg]
[html.merku.love/promotors/demo_assets/css/style.css]
[html.merku.love/promotors/demo_assets/images/backgrounds/hero_BG_image.png]
[html.merku.love/promotors/demo_assets/images/core_features/logo_html.png]
[html.merku.love/promotors/demo_assets/images/core_features/logo_css3.png]
[html.merku.love/promotors/demo_assets/images/core_features/logo_jquery.png]
[html.merku.love/promotors/demo_assets/images/core_features/logo_bootstrap.png]
[html.merku.love/promotors/demo_assets/images/core_features/logo_sass.png]
[html.merku.love/promotors/demo_assets/images/demos/01_home1_repair_service.png]
[html.merku.love/promotors/demo_assets/images/demos/01_home2_online_service.png]
[html.merku.love/promotors/demo_assets/images/demos/01_home3_tyres.png]
[html.merku.love/promotors/demo_assets/images/demos/01_home4_auto_shop.png]
[html.merku.love/promotors/demo_assets/images/demos/01_home5_hire_expert.png]
[html.merku.love/promotors/demo_assets/images/demos/01_home6_rims_wheels.png]
[html.merku.love/promotors/demo_assets/images/demos/01_home7_master_service.png]
[html.merku.love/promotors/demo_assets/images/demos/01_home8_service_booking.png]
[html.merku.love/promotors/demo_assets/images/demos/01_home9_wash_service.png]
[html.merku.love/promotors/demo_assets/images/demos/01_home10_paint_service.png]
[html.merku.love/promotors/demo_assets/images/demos/01_home1_light_repair_service.jpg]
[html.merku.love/promotors/demo_assets/images/demos/02_about.png]
[html.merku.love/promotors/demo_assets/images/demos/07_prices.png]
[html.merku.love/promotors/demo_assets/images/demos/09_our_works.png]
[html.merku.love/promotors/demo_assets/images/demos/04_team.png]
[html.merku.love/promotors/demo_assets/images/demos/03_services_1.png]
[html.merku.love/promotors/demo_assets/images/demos/03_services_2.png]
[html.merku.love/promotors/demo_assets/images/demos/03_services_details_1.png]
[html.merku.love/promotors/demo_assets/images/demos/03_services_details_2.png]
[html.merku.love/promotors/demo_assets/images/demos/06_blog_grid.png]
[html.merku.love/promotors/demo_assets/images/demos/06_blog_standard.png]
[html.merku.love/promotors/demo_assets/images/demos/06_blog_details_1.png]
[html.merku.love/promotors/demo_assets/images/demos/06_blog_details_2.png]
[html.merku.love/promotors/demo_assets/images/demos/08_current_offers.png]
[html.merku.love/promotors/demo_assets/images/demos/08_promotion_detail.png]
[html.merku.love/promotors/demo_assets/images/demos/10_shop.png]
[html.merku.love/promotors/demo_assets/images/demos/10_shop_details.png]
[html.merku.love/promotors/demo_assets/images/demos/11_cart.png]
[html.merku.love/promotors/demo_assets/images/demos/12_contacts.png]
[html.merku.love/promotors/demo_assets/images/demos/05_FAQ.png]
[html.merku.love/promotors/demo_assets/images/demos/13_error_404.png]
[html.merku.love/promotors/demo_assets/images/responsive_devices.png]
[html.merku.love/promotors/demo_assets/images/features/logo_font_awesome.png]
[html.merku.love/promotors/demo_assets/images/features/logo_google_fonts.png]
[html.merku.love/promotors/demo_assets/images/features/logo_slick.png]
[html.merku.love/promotors/demo_assets/images/features/logo_seo.png]
[html.merku.love/promotors/demo_assets/images/features/logo_magnific_popup.jpg]
[html.merku.love/promotors/demo_assets/images/features/logo_animate_css.png]
[html.merku.love/promotors/demo_assets/images/features/logo_mouse_cursor.png]
[html.merku.love/promotors/demo_assets/images/features/logo_tilt_js.png]
[html.merku.love/promotors/demo_assets/images/features/logo_scroll_parallax.png]
[html.merku.love/promotors/demo_assets/images/features/logo_wow_js.png]
[html.merku.love/promotors/demo_assets/images/features/logo_counterup_js.png]
[html.merku.love/promotors/demo_assets/images/features/logo_transition.png]
[html.merku.love/promotors/demo_assets/images/features/logo_fast_load.png]
[html.merku.love/promotors/demo_assets/images/features/logo_responsive.png]
[html.merku.love/promotors/demo_assets/images/features/logo_clean_code.png]
[html.merku.love/promotors/demo_assets/images/features/logo_documentation.png]
[html.merku.love/promotors/demo_assets/images/features/logo_support.png]
[html.merku.love/promotors/demo_assets/js/easing.min.js]
[html.merku.love/promotors/demo_assets/js/scrollspy.js]
[html.merku.love/promotors/index.html]
[html.merku.love/promotors/assets/images/site_logo/dark_theme_site_logo.svg]
[html.merku.love/promotors/assets/images/site_logo/light_theme_site_logo.svg]
[html.merku.love/promotors/demo_assets/js/main.js]
[html.merku.love/promotors/assets/images/hero/hero_image_1.png]
[html.merku.love/promotors/assets/images/video/video_poster_1.jpg]
[html.merku.love/promotors/assets/images/services/service_img_1.jpg]
[html.merku.love/promotors/assets/images/services/service_img_2.jpg]
[html.merku.love/promotors/assets/images/blogs/blog_img_1.jpg]
[html.merku.love/promotors/assets/images/blogs/blog_img_2.jpg]
[html.merku.love/promotors/assets/images/blogs/blog_img_3.jpg]
[html.merku.love/promotors/assets/images/blogs/blog_img_4.jpg]
[html.merku.love/promotors/home1_repair_service.html]
[html.merku.love/promotors/assets/images/hero/hero_image_2.png]
[html.merku.love/promotors/assets/images/categories/category_img_1.png]
[html.merku.love/promotors/assets/images/shapes/tyre_print.svg]
[html.merku.love/promotors/assets/images/categories/category_img_2.png]
[html.merku.love/promotors/assets/images/categories/category_img_3.png]
[html.merku.love/promotors/assets/images/categories/category_img_4.png]
[html.merku.love/promotors/assets/images/categories/category_img_5.png]
[html.merku.love/promotors/assets/images/categories/category_img_6.png]
[html.merku.love/promotors/assets/images/categories/category_img_7.png]
[html.merku.love/promotors/assets/images/categories/category_img_8.png]
[html.merku.love/promotors/assets/images/categories/category_img_9.png]
[html.merku.love/promotors/assets/images/products/feature_product_img_1.jpg]
[html.merku.love/promotors/assets/images/products/feature_product_img_2.jpg]
[html.merku.love/promotors/assets/images/products/product_img_1.png]
[html.merku.love/promotors/assets/images/products/product_img_2.png]
[html.merku.love/promotors/assets/images/products/product_img_3.png]
[html.merku.love/promotors/assets/images/products/product_img_4.png]
[html.merku.love/promotors/assets/images/brands/brand_logo_img_1.png]
[html.merku.love/promotors/assets/images/brands/brand_logo_img_2.png]
[html.merku.love/promotors/assets/images/brands/brand_logo_img_3.png]
[html.merku.love/promotors/assets/images/brands/brand_logo_img_4.png]
[html.merku.love/promotors/assets/images/brands/brand_logo_img_5.png]
[html.merku.love/promotors/assets/images/brands/brand_logo_img_6.png]
[html.merku.love/promotors/assets/images/products/promotion_product_img_1.png]
[html.merku.love/promotors/assets/images/products/promotion_product_img_2.png]
[html.merku.love/promotors/assets/images/products/promotion_product_img_3.png]
[html.merku.love/promotors/assets/images/products/promotion_product_img_4.png]
[html.merku.love/promotors/assets/images/products/promotion_product_img_5.png]
[html.merku.love/promotors/assets/images/blogs/blog_list_layout_img_1.jpg]
[html.merku.love/promotors/assets/images/blogs/blog_list_layout_img_2.jpg]
[html.merku.love/promotors/assets/images/blogs/blog_list_layout_img_3.jpg]
[html.merku.love/promotors/assets/images/blogs/blog_list_layout_img_4.jpg]
[html.merku.love/promotors/home2_online_service.html]
[html.merku.love/promotors/assets/images/hero/slider_image_1.png]
[html.merku.love/promotors/assets/images/hero/slider_image_2.png]
[html.merku.love/promotors/assets/images/shapes/tyre_print_2.svg]
[html.merku.love/promotors/assets/images/hero/slider_image_3.png]
[html.merku.love/promotors/assets/images/hero/slider_image_4.png]
[html.merku.love/promotors/assets/images/hero/slider_image_5.png]
[html.merku.love/promotors/assets/images/about/about_image_1.jpg]
[html.merku.love/promotors/assets/images/video/video_poster_2.jpg]
[html.merku.love/promotors/home3_tyres.html]
[html.merku.love/promotors/assets/images/products/product_img_5.png]
[html.merku.love/promotors/assets/images/shapes/tyre_print_4.svg]
[html.merku.love/promotors/assets/images/products/product_img_6.png]
[html.merku.love/promotors/assets/images/products/product_img_7.png]
[html.merku.love/promotors/assets/images/products/product_img_8.png]
[html.merku.love/promotors/assets/images/products/product_img_9.png]
[html.merku.love/promotors/assets/images/products/product_img_10.png]
[html.merku.love/promotors/assets/images/products/product_img_11.png]
[html.merku.love/promotors/assets/images/products/product_img_12.png]
[html.merku.love/promotors/assets/images/brands/brand_logo_img_7.png]
[html.merku.love/promotors/assets/images/brands/brand_logo_img_8.png]
[html.merku.love/promotors/home4_auto_shop.html]
[html.merku.love/promotors/assets/videos/Promotors-Car-Care-Center.mp4]
[html.merku.love/promotors/assets/images/team/team_expert_image_1.jpg]
[html.merku.love/promotors/assets/images/team/team_expert_image_2.jpg]
[html.merku.love/promotors/assets/images/team/team_expert_image_3.jpg]
[html.merku.love/promotors/assets/images/team/team_expert_image_4.jpg]
[html.merku.love/promotors/assets/images/team/team_expert_image_5.jpg]
[html.merku.love/promotors/assets/images/team/team_expert_image_6.jpg]
[html.merku.love/promotors/assets/images/team/team_expert_image_7.jpg]
[html.merku.love/promotors/assets/images/team/team_expert_image_8.jpg]
[html.merku.love/promotors/assets/images/blogs/blog_img_5.jpg]
[html.merku.love/promotors/assets/images/location/store_location_image_1.jpg]
[html.merku.love/promotors/assets/images/location/store_location_image_2.jpg]
[html.merku.love/promotors/assets/images/location/store_location_image_3.jpg]
[html.merku.love/promotors/home5_hire_expert.html]
[html.merku.love/promotors/assets/images/hero/slider_image_6.png]
[html.merku.love/promotors/assets/images/products/product_img_13.png]
[html.merku.love/promotors/assets/images/products/product_img_14.png]
[html.merku.love/promotors/assets/images/products/product_img_15.png]
[html.merku.love/promotors/assets/images/icons/icon_box_move.svg]
[html.merku.love/promotors/assets/images/icons/icon_question.svg]
[html.merku.love/promotors/assets/images/icons/icon_sale.svg]
[html.merku.love/promotors/assets/images/services/service_img_3.jpg]
[html.merku.love/promotors/assets/images/about/about_image_2.jpg]
[html.merku.love/promotors/assets/images/video/video_poster_6.jpg]
[html.merku.love/promotors/assets/images/blogs/blog_img_6.jpg]
[html.merku.love/promotors/home6_rims_wheels.html]
[html.merku.love/promotors/assets/images/services/service_img_4.jpg]
[html.merku.love/promotors/assets/images/services/service_img_5.jpg]
[html.merku.love/promotors/assets/images/services/service_img_6.jpg]
[html.merku.love/promotors/assets/images/services/service_img_7.jpg]
[html.merku.love/promotors/assets/images/about/about_image_3.jpg]
[html.merku.love/promotors/assets/images/about/about_image_4.jpg]
[html.merku.love/promotors/assets/images/services/service_img_8.png]
[html.merku.love/promotors/assets/images/cars/car_image_1.png]
[html.merku.love/promotors/assets/images/cars/car_image_2.png]
[html.merku.love/promotors/assets/images/cars/car_image_3.png]
[html.merku.love/promotors/home7_master_service.html]
[html.merku.love/promotors/assets/images/video/video_poster_7.jpg]
[html.merku.love/promotors/assets/images/hero/hero_image_3.png]
[html.merku.love/promotors/assets/images/icons/icon_oil.svg]
[html.merku.love/promotors/assets/images/icons/icone_tire.svg]
[html.merku.love/promotors/assets/images/icons/icon_break.svg]
[html.merku.love/promotors/assets/images/icons/icon_steering.svg]
[html.merku.love/promotors/assets/images/products/tab_image_1.png]
[html.merku.love/promotors/assets/images/shapes/tyre_print_5.svg]
[html.merku.love/promotors/assets/images/products/deals_image_1.jpg]
[html.merku.love/promotors/assets/images/products/deals_image_2.jpg]
[html.merku.love/promotors/assets/images/about/about_image_5.jpg]
[html.merku.love/promotors/assets/images/about/about_image_6.jpg]
[html.merku.love/promotors/assets/images/location/store_location_image_4.jpg]
[html.merku.love/promotors/assets/images/location/store_location_image_5.jpg]
[html.merku.love/promotors/home8_service_booking.html]
[html.merku.love/promotors/assets/images/hero/slider_bg_image_1.jpg]
[html.merku.love/promotors/assets/images/video/video_poster_10.jpg]
[html.merku.love/promotors/assets/images/about/about_image_9.jpg]
[html.merku.love/promotors/assets/images/about/about_image_10.jpg]
[html.merku.love/promotors/assets/images/services/service_img_9.jpg]
[html.merku.love/promotors/assets/images/portfolio/portfolio_img_9.jpg]
[html.merku.love/promotors/assets/images/portfolio/portfolio_img_10.jpg]
[html.merku.love/promotors/assets/images/portfolio/portfolio_img_11.jpg]
[html.merku.love/promotors/assets/images/portfolio/portfolio_img_12.jpg]
[html.merku.love/promotors/home10_paint_service.html]
[html.merku.love/promotors/service.html]
[html.merku.love/promotors/service_2.html]
[html.merku.love/promotors/assets/images/services/service_details_image_1.jpg]
[html.merku.love/promotors/assets/images/portfolio/portfolio_img_1.jpg]
[html.merku.love/promotors/assets/images/portfolio/portfolio_img_2.jpg]
[html.merku.love/promotors/assets/images/portfolio/portfolio_img_3.jpg]
[html.merku.love/promotors/assets/images/shapes/tyre_print_3.svg]
[html.merku.love/promotors/assets/images/portfolio/portfolio_img_4.jpg]
[html.merku.love/promotors/service_details.html]
[html.merku.love/promotors/assets/images/services/service_details_image_2.jpg]
[html.merku.love/promotors/assets/images/blogs/blog_img_7.jpg]
[html.merku.love/promotors/assets/images/blogs/blog_img_8.jpg]
[html.merku.love/promotors/assets/images/blogs/blog_img_9.jpg]
[html.merku.love/promotors/service_details_2.html]
[html.merku.love/promotors/assets/images/products/product_img_16.png]
[html.merku.love/promotors/assets/images/products/product_img_17.png]
[html.merku.love/promotors/assets/images/products/product_img_18.png]
[html.merku.love/promotors/shop.html]
[html.merku.love/promotors/assets/images/video/video_poster_12.jpg]
[html.merku.love/promotors/shop_details.html]
[html.merku.love/promotors/assets/images/video/video_poster_4.jpg]
[html.merku.love/promotors/deals.html]
[html.merku.love/promotors/assets/images/blogs/deals_details_img_1.jpg]
[html.merku.love/promotors/assets/images/video/video_poster_11.jpg]
[html.merku.love/promotors/deals_details.html]
[html.merku.love/promotors/cart.html]
[html.merku.love/promotors/assets/images/video/video_poster_3.jpg]
[html.merku.love/promotors/about.html]
[html.merku.love/promotors/assets/images/portfolio/portfolio_img_13.jpg]
[html.merku.love/promotors/assets/images/portfolio/portfolio_img_14.jpg]
[html.merku.love/promotors/assets/images/portfolio/portfolio_img_15.jpg]
[html.merku.love/promotors/assets/images/portfolio/portfolio_img_16.jpg]
[html.merku.love/promotors/assets/images/portfolio/portfolio_img_17.jpg]
[html.merku.love/promotors/assets/images/portfolio/portfolio_img_18.jpg]
[html.merku.love/promotors/assets/images/portfolio/portfolio_img_19.jpg]
[html.merku.love/promotors/assets/images/portfolio/portfolio_img_21.jpg]
[html.merku.love/promotors/assets/images/portfolio/portfolio_img_20.jpg]
[html.merku.love/promotors/portfolio.html]
[html.merku.love/promotors/team.html]
[html.merku.love/promotors/pricing.html]
[html.merku.love/promotors/assets/images/blogs/blog_img_10.jpg]
[html.merku.love/promotors/assets/images/blogs/blog_img_11.jpg]
[html.merku.love/promotors/assets/images/blogs/blog_img_12.jpg]
[html.merku.love/promotors/assets/images/blogs/blog_img_13.jpg]
[html.merku.love/promotors/assets/images/blogs/blog_img_14.jpg]
[html.merku.love/promotors/assets/images/blogs/blog_img_15.jpg]
[html.merku.love/promotors/assets/images/blogs/blog_img_16.jpg]
[html.merku.love/promotors/assets/images/blogs/blog_img_17.jpg]
[html.merku.love/promotors/assets/images/blogs/recent_post_img_1.jpg]
[html.merku.love/promotors/assets/images/blogs/recent_post_img_2.jpg]
[html.merku.love/promotors/assets/images/blogs/recent_post_img_3.jpg]
[html.merku.love/promotors/blog.html]
[html.merku.love/promotors/assets/images/blogs/blog_standard_img_1.jpg]
[html.merku.love/promotors/assets/images/blogs/blog_standard_img_2.jpg]
[html.merku.love/promotors/assets/images/blogs/blog_standard_img_3.jpg]
[html.merku.love/promotors/assets/images/blogs/blog_standard_img_4.jpg]
[html.merku.love/promotors/blog_2.html]
[html.merku.love/promotors/assets/images/blogs/blog_details_img_1.jpg]
[html.merku.love/promotors/assets/images/blogs/blog_details_img_2.jpg]
[html.merku.love/promotors/assets/images/icons/icon_quote.svg]
[html.merku.love/promotors/assets/images/blogs/blog_author_img_1.jpg]
[html.merku.love/promotors/blog_details.html]
[html.merku.love/promotors/assets/images/blogs/blog_details_img_3.jpg]
[html.merku.love/promotors/assets/images/blogs/blog_details_img_4.jpg]
[html.merku.love/promotors/assets/images/blogs/blog_details_img_5.jpg]
[html.merku.love/promotors/assets/images/blogs/blog_details_img_6.jpg]
[html.merku.love/promotors/blog_details_2.html]
[html.merku.love/promotors/faq.html]
[html.merku.love/promotors/assets/images/error_bg_img.jpg]
[html.merku.love/promotors/error.html]
[html.merku.love/promotors/contact.html]
[html.merku.love/promotors/assets/images/icons/icon_coins.svg]
[html.merku.love/promotors/assets/images/icons/icon_gallon.svg]
[html.merku.love/promotors/assets/images/icons/icon_calendar.svg]
[html.merku.love/promotors/assets/images/icons/icon_line.svg]
[html.merku.love/promotors/assets/images/icons/icon_square.svg]
[html.merku.love/promotors/assets/fonts/slick.svg]
[html.merku.love/promotors/assets/css/images/ui-bg_flat_0_aaaaaa_40x100.html]
[html.merku.love/promotors/assets/images/shapes/shape_polygon_outline.svg]
[html.merku.love/promotors/assets/images/shapes/shape_polygon_fill.svg]
[html.merku.love/promotors/demo_assets/css/style.css]
[html.merku.love/promotors/assets/images/shapes/tyre_print.svg]
[html.merku.love/promotors/assets/images/shapes/tyre_print_2.svg]
[html.merku.love/promotors/assets/images/shapes/tyre_print_4.svg]
[html.merku.love/promotors/assets/images/icons/icon_box_move.svg]
[html.merku.love/promotors/assets/images/icons/icon_question.svg]
[html.merku.love/promotors/assets/images/icons/icon_sale.svg]
[html.merku.love/promotors/assets/images/icons/icon_oil.svg]
[html.merku.love/promotors/assets/images/icons/icone_tire.svg]
[html.merku.love/promotors/assets/images/icons/icon_break.svg]
[html.merku.love/promotors/assets/images/icons/icon_steering.svg]
[html.merku.love/promotors/assets/images/shapes/tyre_print_5.svg]
[html.merku.love/promotors/assets/images/shapes/tyre_print_3.svg]
[html.merku.love/promotors/assets/images/icons/icon_quote.svg]
